// Vitest Snapshot v1, https://vitest.dev/guide/snapshot.html

exports[`drillConfigMapper > getGlobalDrillDownMappedConfigForWidget > should map global drill downs to drill down attribute hierarchy configs 1`] = `
[
  {
    "attributeHierarchyRef": {
      "identifier": "477f101d580549049144fdb8aa39f7b4_attribute_hierarchies_2",
      "type": "attributeHierarchy",
    },
    "attributes": [
      {
        "attributeHeader": {
          "formOf": {
            "identifier": "f_owner.region_id",
            "name": "Region",
            "ref": {
              "identifier": "f_owner.region_id",
              "type": "attribute",
            },
            "uri": "",
          },
          "identifier": "f_owner.region_id",
          "localIdentifier": "458cb8556b604396be5d736ada2aa833",
          "name": "Region",
          "ref": {
            "identifier": "f_owner.region_id",
            "type": "displayForm",
          },
          "totalItems": [],
          "uri": "",
        },
      },
    ],
    "complete": true,
    "drillTargetType": "DrillDown",
    "localIdentifier": "458cb8556b604396be5d736ada2aa833_477f101d580549049144fdb8aa39f7b4_attribute_hierarchies_2",
    "originLocalIdentifier": "458cb8556b604396be5d736ada2aa833",
    "title": "Region",
    "type": "attribute",
    "widgetRef": {
      "identifier": "test_widget_id",
      "type": "insight",
    },
  },
  {
    "attributeHierarchyRef": {
      "identifier": "477f101d580549049144fdb8aa39f7b4_attribute_hierarchies_2",
      "type": "attributeHierarchy",
    },
    "attributes": [
      {
        "attributeHeader": {
          "formOf": {
            "identifier": "f_owner.region_id",
            "name": "Region",
            "ref": {
              "identifier": "f_owner.region_id",
              "type": "attribute",
            },
            "uri": "",
          },
          "identifier": "f_owner.region_id",
          "localIdentifier": "458cb8556b604396be5d736ada2aa833",
          "name": "Region",
          "ref": {
            "identifier": "f_owner.region_id",
            "type": "displayForm",
          },
          "totalItems": [],
          "uri": "",
        },
      },
      {
        "attributeHeader": {
          "formOf": {
            "identifier": "f_owner.department_id",
            "name": "Department",
            "ref": {
              "identifier": "f_owner.department_id",
              "type": "attribute",
            },
            "uri": "",
          },
          "identifier": "f_owner.department_id",
          "localIdentifier": "f20e093c6af5439dbfce10ee37620fc8",
          "name": "Department",
          "ref": {
            "identifier": "f_owner.department_id",
            "type": "displayForm",
          },
          "totalItems": [],
          "uri": "",
        },
      },
    ],
    "complete": true,
    "drillTargetType": "DrillDown",
    "localIdentifier": "f20e093c6af5439dbfce10ee37620fc8_477f101d580549049144fdb8aa39f7b4_attribute_hierarchies_2",
    "originLocalIdentifier": "f20e093c6af5439dbfce10ee37620fc8",
    "title": "Department",
    "type": "attribute",
    "widgetRef": {
      "identifier": "test_widget_id",
      "type": "insight",
    },
  },
  {
    "attributeHierarchyRef": {
      "identifier": "477f101d580549049144fdb8aa39f7b4_attribute_hierarchies_1",
      "type": "attributeHierarchy",
    },
    "attributes": [
      {
        "attributeHeader": {
          "formOf": {
            "identifier": "f_owner.region_id",
            "name": "Region",
            "ref": {
              "identifier": "f_owner.region_id",
              "type": "attribute",
            },
            "uri": "",
          },
          "identifier": "f_owner.region_id",
          "localIdentifier": "458cb8556b604396be5d736ada2aa833",
          "name": "Region",
          "ref": {
            "identifier": "f_owner.region_id",
            "type": "displayForm",
          },
          "totalItems": [],
          "uri": "",
        },
      },
    ],
    "complete": true,
    "drillTargetType": "DrillDown",
    "localIdentifier": "458cb8556b604396be5d736ada2aa833_477f101d580549049144fdb8aa39f7b4_attribute_hierarchies_1",
    "originLocalIdentifier": "458cb8556b604396be5d736ada2aa833",
    "title": "Region",
    "type": "attribute",
    "widgetRef": {
      "identifier": "test_widget_id",
      "type": "insight",
    },
  },
  {
    "attributeHierarchyRef": {
      "identifier": "477f101d580549049144fdb8aa39f7b4_attribute_hierarchies_1",
      "type": "attributeHierarchy",
    },
    "attributes": [
      {
        "attributeHeader": {
          "formOf": {
            "identifier": "f_owner.region_id",
            "name": "Region",
            "ref": {
              "identifier": "f_owner.region_id",
              "type": "attribute",
            },
            "uri": "",
          },
          "identifier": "f_owner.region_id",
          "localIdentifier": "458cb8556b604396be5d736ada2aa833",
          "name": "Region",
          "ref": {
            "identifier": "f_owner.region_id",
            "type": "displayForm",
          },
          "totalItems": [],
          "uri": "",
        },
      },
      {
        "attributeHeader": {
          "formOf": {
            "identifier": "f_owner.department_id",
            "name": "Department",
            "ref": {
              "identifier": "f_owner.department_id",
              "type": "attribute",
            },
            "uri": "",
          },
          "identifier": "f_owner.department_id",
          "localIdentifier": "f20e093c6af5439dbfce10ee37620fc8",
          "name": "Department",
          "ref": {
            "identifier": "f_owner.department_id",
            "type": "displayForm",
          },
          "totalItems": [],
          "uri": "",
        },
      },
    ],
    "complete": true,
    "drillTargetType": "DrillDown",
    "localIdentifier": "f20e093c6af5439dbfce10ee37620fc8_477f101d580549049144fdb8aa39f7b4_attribute_hierarchies_1",
    "originLocalIdentifier": "f20e093c6af5439dbfce10ee37620fc8",
    "title": "Department",
    "type": "attribute",
    "widgetRef": {
      "identifier": "test_widget_id",
      "type": "insight",
    },
  },
]
`;
