// Vitest Snapshot v1, https://vitest.dev/guide/snapshot.html

exports[`createDrillIntersection > creates drill intersection for measure cell attribute 1`] = `
[
  {
    "header": {
      "attributeHeader": {
        "formOf": {
          "identifier": "f_opportunitysnapshot.forecastcategory_id",
          "name": "Forecast Category",
          "ref": undefined,
          "uri": "",
        },
        "granularity": null,
        "identifier": "f_opportunitysnapshot.forecastcategory_id",
        "localIdentifier": "a_f_opportunitysnapshot.forecastcategory_id",
        "name": "Forecast Category",
        "ref": undefined,
        "totalItems": [],
        "uri": "",
      },
      "attributeHeaderItem": {
        "name": "Exclude",
        "uri": "Exclude",
      },
    },
  },
  {
    "header": {
      "attributeHeader": {
        "formOf": {
          "identifier": "f_owner.region_id",
          "name": "Region",
          "ref": undefined,
          "uri": "",
        },
        "granularity": null,
        "identifier": "f_owner.region_id",
        "localIdentifier": "a_f_owner.region_id",
        "name": "Region",
        "ref": undefined,
        "totalItems": [],
        "uri": "",
      },
      "attributeHeaderItem": {
        "name": "East Coast",
        "uri": "East Coast",
      },
    },
  },
  {
    "header": {
      "measureHeaderItem": {
        "format": "$#,##0.00",
        "identifier": "87a053b0-3947-49f3-b0c5-de53fd01f050",
        "localIdentifier": "m_87a053b0_3947_49f3_b0c5_de53fd01f050",
        "name": "Amount",
        "ref": undefined,
      },
    },
  },
  {
    "header": {
      "attributeHeader": {
        "formOf": {
          "identifier": "attr.f_product.product",
          "name": "Product",
          "ref": undefined,
          "uri": "",
        },
        "granularity": null,
        "identifier": "label.f_product.product.name",
        "localIdentifier": "a_label.f_product.product.name",
        "name": "Product Name",
        "ref": undefined,
        "totalItems": [],
        "uri": "",
      },
      "attributeHeaderItem": {
        "name": "CompuSci",
        "uri": "CompuSci",
      },
    },
  },
  {
    "header": {
      "attributeHeader": {
        "formOf": {
          "identifier": "f_owner.department_id",
          "name": "Department",
          "ref": undefined,
          "uri": "",
        },
        "granularity": null,
        "identifier": "f_owner.department_id",
        "localIdentifier": "a_f_owner.department_id",
        "name": "Department",
        "ref": undefined,
        "totalItems": [],
        "uri": "",
      },
      "attributeHeaderItem": {
        "name": "Direct Sales",
        "uri": "Direct Sales",
      },
    },
  },
]
`;

exports[`createDrillIntersection > creates drill intersection for row attribute 1`] = `
[
  {
    "header": {
      "attributeHeader": {
        "formOf": {
          "identifier": "attr.f_product.product",
          "name": "Product",
          "ref": undefined,
          "uri": "",
        },
        "granularity": null,
        "identifier": "label.f_product.product.name",
        "localIdentifier": "a_label.f_product.product.name",
        "name": "Product Name",
        "ref": undefined,
        "totalItems": [],
        "uri": "",
      },
      "attributeHeaderItem": {
        "name": "CompuSci",
        "uri": "CompuSci",
      },
    },
  },
]
`;
