// Vitest Snapshot v1, https://vitest.dev/guide/snapshot.html

exports[`getColorsPreviewFromTheme > should return correct array of colors when only complementary colors are set in theme 1`] = `
[
  "#323232",
  "#292727",
  "#14b2e2",
  "#EAEAEA",
  "#D6D6D6",
  "#B9B9B9",
]
`;

exports[`getColorsPreviewFromTheme > should return correct array of colors when theme is fully defined 1`] = `
[
  "#f0f0f0",
  "#dfdfdf",
  "#eba12a",
  "#fff",
  "#ff0000",
  "#778491",
]
`;

exports[`getColorsPreviewFromTheme > should return default array of colors when theme is empty 1`] = `
[
  "#303442",
  "#fff",
  "#14b2e2",
  "#000",
  "#464e56",
  "#778491",
]
`;
