// Vitest Snapshot v1, https://vitest.dev/guide/snapshot.html

exports[`useBaseHeadlineDataItem > Should snapshot correctly 1`] = `
{
  "cssStyle": {},
  "formattedValue": "$130,000.00",
  "isValueEmpty": false,
}
`;
