// Vitest Snapshot v1, https://vitest.dev/guide/snapshot.html

exports[`PluggableBaseChart > should cut out measures tail when getting nM 0Vb 1Sb 1`] = `
{
  "buckets": [
    {
      "items": [
        {
          "aggregation": null,
          "attribute": "aazb6kroa3iC",
          "localIdentifier": "m1",
          "showInPercent": null,
          "showOnSecondaryAxis": null,
          "type": "metric",
        },
      ],
      "localIdentifier": "measures",
    },
    {
      "items": [],
      "localIdentifier": "view",
    },
    {
      "items": [
        {
          "aggregation": null,
          "attribute": "attr.owner.department",
          "dfRef": {
            "uri": "a1/df",
          },
          "localIdentifier": "a1",
          "type": "attribute",
        },
      ],
      "localIdentifier": "stack",
    },
  ],
  "filters": {
    "items": [],
    "localIdentifier": "filters",
  },
  "properties": {},
  "uiConfig": {
    "buckets": {
      "filters": {
        "accepts": [
          "attribute",
          "date",
        ],
        "allowsReordering": false,
        "enabled": true,
        "isShowInPercentEnabled": false,
        "itemsLimit": 20,
        "itemsLimitByType": {
          "date": 1,
        },
      },
      "measures": {
        "accepts": [
          "metric",
          "fact",
          "attribute",
        ],
        "allowsDuplicateItems": true,
        "allowsReordering": true,
        "allowsSwapping": true,
        "canAddItems": false,
        "enabled": true,
        "icon": "local:column/bucket-title-measures.svg",
        "isShowInPercentEnabled": false,
        "isShowInPercentVisible": true,
        "itemsLimit": 40,
        "title": "Measures",
        "warningMessage": "To add additional measure, remove <span class="attr-field-icon" /> from <span class="stack-by">stack by</span>",
      },
      "stack": {
        "accepts": [
          "attribute",
        ],
        "allowsReordering": false,
        "allowsSwapping": true,
        "canAddItems": true,
        "enabled": true,
        "icon": "local:column/bucket-title-stack.svg",
        "isShowInPercentEnabled": false,
        "itemsLimit": 1,
        "title": "Stack by",
      },
      "view": {
        "accepts": [
          "attribute",
          "date",
        ],
        "allowsReordering": false,
        "allowsSwapping": true,
        "canAddItems": true,
        "enabled": true,
        "icon": "local:column/bucket-title-view.svg",
        "isShowInPercentEnabled": false,
        "itemsLimit": 1,
        "itemsLimitByType": {
          "date": 1,
        },
        "title": "View by",
      },
    },
    "exportConfig": {
      "supported": true,
    },
    "openAsReport": {
      "supported": true,
    },
    "recommendations": {
      "comparison": true,
      "overTimeComparison": false,
      "percent": false,
      "previousPeriod": false,
      "trending": true,
    },
    "supportedOverTimeComparisonTypes": [],
  },
}
`;

exports[`PluggableBaseChart > should handle wrong order of buckets in reference point 1`] = `
{
  "buckets": [
    {
      "items": [
        {
          "aggregation": null,
          "attribute": "aazb6kroa3iC",
          "localIdentifier": "m1",
          "showInPercent": null,
          "showOnSecondaryAxis": null,
          "type": "metric",
        },
      ],
      "localIdentifier": "measures",
    },
    {
      "items": [
        {
          "aggregation": null,
          "attribute": "attr.owner.department",
          "dfRef": {
            "uri": "a1/df",
          },
          "localIdentifier": "a1",
          "type": "attribute",
        },
      ],
      "localIdentifier": "view",
    },
    {
      "items": [
        {
          "aggregation": null,
          "attribute": "attr.stage.iswon",
          "dfRef": {
            "uri": "a2/df",
          },
          "localIdentifier": "a2",
          "type": "attribute",
        },
      ],
      "localIdentifier": "stack",
    },
  ],
  "filters": {
    "items": [],
    "localIdentifier": "filters",
  },
  "properties": {},
  "uiConfig": {
    "buckets": {
      "filters": {
        "accepts": [
          "attribute",
          "date",
        ],
        "allowsReordering": false,
        "enabled": true,
        "isShowInPercentEnabled": false,
        "itemsLimit": 20,
        "itemsLimitByType": {
          "date": 1,
        },
      },
      "measures": {
        "accepts": [
          "metric",
          "fact",
          "attribute",
        ],
        "allowsDuplicateItems": true,
        "allowsReordering": true,
        "allowsSwapping": true,
        "canAddItems": false,
        "enabled": true,
        "icon": "local:column/bucket-title-measures.svg",
        "isShowInPercentEnabled": false,
        "isShowInPercentVisible": true,
        "itemsLimit": 40,
        "title": "Measures",
        "warningMessage": "To add additional measure, remove <span class="attr-field-icon" /> from <span class="stack-by">stack by</span>",
      },
      "stack": {
        "accepts": [
          "attribute",
        ],
        "allowsReordering": false,
        "allowsSwapping": true,
        "canAddItems": true,
        "enabled": true,
        "icon": "local:column/bucket-title-stack.svg",
        "isShowInPercentEnabled": false,
        "itemsLimit": 1,
        "title": "Stack by",
      },
      "view": {
        "accepts": [
          "attribute",
          "date",
        ],
        "allowsReordering": false,
        "allowsSwapping": true,
        "canAddItems": true,
        "enabled": true,
        "icon": "local:column/bucket-title-view.svg",
        "isShowInPercentEnabled": false,
        "itemsLimit": 1,
        "itemsLimitByType": {
          "date": 1,
        },
        "title": "View by",
      },
    },
    "exportConfig": {
      "supported": true,
    },
    "openAsReport": {
      "supported": true,
    },
    "recommendations": {
      "comparison": false,
      "overTimeComparison": false,
      "percent": false,
      "previousPeriod": false,
      "trending": false,
    },
    "supportedOverTimeComparisonTypes": [],
  },
}
`;

exports[`PluggableBaseChart > should return ref. point with multiple metrics and one category and filter for this category 1`] = `
{
  "buckets": [
    {
      "items": [
        {
          "aggregation": null,
          "attribute": "aazb6kroa3iC",
          "localIdentifier": "m1",
          "showInPercent": null,
          "showOnSecondaryAxis": null,
          "type": "metric",
        },
        {
          "aggregation": null,
          "attribute": "af2Ewj9Re2vK",
          "localIdentifier": "m2",
          "showInPercent": null,
          "showOnSecondaryAxis": null,
          "type": "metric",
        },
        {
          "aggregation": null,
          "attribute": "dt.opportunitysnapshot.snapshotdate",
          "localIdentifier": "m3",
          "showInPercent": null,
          "showOnSecondaryAxis": true,
          "type": "metric",
        },
        {
          "aggregation": null,
          "attribute": "acfWntEMcom0",
          "localIdentifier": "m4",
          "showInPercent": null,
          "showOnSecondaryAxis": true,
          "type": "metric",
        },
      ],
      "localIdentifier": "measures",
    },
    {
      "items": [
        {
          "aggregation": null,
          "attribute": "attr.owner.department",
          "dfRef": {
            "uri": "a1/df",
          },
          "localIdentifier": "a1",
          "type": "attribute",
        },
      ],
      "localIdentifier": "view",
    },
    {
      "items": [],
      "localIdentifier": "stack",
    },
  ],
  "filters": {
    "items": [
      {
        "aggregation": null,
        "attribute": "attr.owner.department",
        "filters": [
          {
            "attribute": "attr.owner.department",
            "displayFormRef": {
              "uri": "owner/attribute/df/uri",
            },
            "isInverted": false,
            "selectedElements": [
              {
                "title": "string",
                "uri": "string",
              },
            ],
            "totalElementsCount": 10,
          },
        ],
        "localIdentifier": "a1",
        "type": "attribute",
      },
    ],
    "localIdentifier": "filters",
  },
  "properties": {},
  "uiConfig": {
    "buckets": {
      "filters": {
        "accepts": [
          "attribute",
          "date",
        ],
        "allowsReordering": false,
        "enabled": true,
        "isShowInPercentEnabled": false,
        "itemsLimit": 20,
        "itemsLimitByType": {
          "date": 1,
        },
      },
      "measures": {
        "accepts": [
          "metric",
          "fact",
          "attribute",
        ],
        "allowsDuplicateItems": true,
        "allowsReordering": true,
        "allowsSwapping": true,
        "canAddItems": true,
        "enabled": true,
        "icon": "local:column/bucket-title-measures.svg",
        "isShowInPercentEnabled": false,
        "isShowInPercentVisible": true,
        "itemsLimit": 40,
        "title": "Measures",
      },
      "stack": {
        "accepts": [
          "attribute",
        ],
        "allowsReordering": false,
        "allowsSwapping": true,
        "canAddItems": false,
        "enabled": true,
        "icon": "local:column/bucket-title-stack.svg",
        "isShowInPercentEnabled": false,
        "itemsLimit": 1,
        "title": "Stack by",
        "warningMessage": "To stack by, an insight can have only one measure",
      },
      "view": {
        "accepts": [
          "attribute",
          "date",
        ],
        "allowsReordering": false,
        "allowsSwapping": true,
        "canAddItems": true,
        "enabled": true,
        "icon": "local:column/bucket-title-view.svg",
        "isShowInPercentEnabled": false,
        "itemsLimit": 1,
        "itemsLimitByType": {
          "date": 1,
        },
        "title": "View by",
      },
    },
    "exportConfig": {
      "supported": true,
    },
    "openAsReport": {
      "supported": true,
    },
    "recommendations": {
      "comparison": false,
      "overTimeComparison": false,
      "percent": false,
      "previousPeriod": false,
      "trending": false,
    },
    "supportedOverTimeComparisonTypes": [],
  },
}
`;

exports[`PluggableBaseChart > should return reference point with base recommendations enabled if visualization removed invalid derived measure 1`] = `
{
  "buckets": [
    {
      "items": [
        {
          "aggregation": null,
          "attribute": "aazb6kroa3iC",
          "localIdentifier": "m1",
          "showInPercent": null,
          "showOnSecondaryAxis": null,
          "type": "metric",
        },
      ],
      "localIdentifier": "measures",
    },
    {
      "items": [],
      "localIdentifier": "view",
    },
    {
      "items": [],
      "localIdentifier": "stack",
    },
  ],
  "filters": {
    "items": [],
    "localIdentifier": "filters",
  },
  "properties": {},
  "uiConfig": {
    "buckets": {
      "filters": {
        "accepts": [
          "attribute",
          "date",
        ],
        "allowsReordering": false,
        "enabled": true,
        "isShowInPercentEnabled": false,
        "itemsLimit": 20,
        "itemsLimitByType": {
          "date": 1,
        },
      },
      "measures": {
        "accepts": [
          "metric",
          "fact",
          "attribute",
        ],
        "allowsDuplicateItems": true,
        "allowsReordering": true,
        "allowsSwapping": true,
        "canAddItems": true,
        "enabled": true,
        "icon": "local:column/bucket-title-measures.svg",
        "isShowInPercentEnabled": false,
        "isShowInPercentVisible": true,
        "itemsLimit": 40,
        "title": "Measures",
      },
      "stack": {
        "accepts": [
          "attribute",
        ],
        "allowsReordering": false,
        "allowsSwapping": true,
        "canAddItems": true,
        "enabled": true,
        "icon": "local:column/bucket-title-stack.svg",
        "isShowInPercentEnabled": false,
        "itemsLimit": 1,
        "title": "Stack by",
      },
      "view": {
        "accepts": [
          "attribute",
          "date",
        ],
        "allowsReordering": false,
        "allowsSwapping": true,
        "canAddItems": true,
        "enabled": true,
        "icon": "local:column/bucket-title-view.svg",
        "isShowInPercentEnabled": false,
        "itemsLimit": 1,
        "itemsLimitByType": {
          "date": 1,
        },
        "title": "View by",
      },
    },
    "exportConfig": {
      "supported": true,
    },
    "openAsReport": {
      "supported": true,
    },
    "recommendations": {
      "comparison": true,
      "overTimeComparison": false,
      "percent": false,
      "previousPeriod": false,
      "trending": true,
    },
    "supportedOverTimeComparisonTypes": [],
  },
}
`;

exports[`PluggableBaseChart > should return reference point with multiple metrics from multiple metrics buckets 1`] = `
{
  "buckets": [
    {
      "items": [
        {
          "aggregation": null,
          "attribute": "aazb6kroa3iC",
          "localIdentifier": "m1",
          "showInPercent": null,
          "showOnSecondaryAxis": null,
          "type": "metric",
        },
        {
          "aggregation": null,
          "attribute": "af2Ewj9Re2vK",
          "localIdentifier": "m2",
          "showInPercent": null,
          "showOnSecondaryAxis": null,
          "type": "metric",
        },
        {
          "aggregation": null,
          "attribute": "dt.opportunitysnapshot.snapshotdate",
          "localIdentifier": "m3",
          "showInPercent": null,
          "showOnSecondaryAxis": true,
          "type": "metric",
        },
      ],
      "localIdentifier": "measures",
    },
    {
      "items": [
        {
          "aggregation": null,
          "attribute": "attr.owner.department",
          "dfRef": {
            "uri": "a1/df",
          },
          "localIdentifier": "a1",
          "type": "attribute",
        },
      ],
      "localIdentifier": "view",
    },
    {
      "items": [],
      "localIdentifier": "stack",
    },
  ],
  "filters": {
    "items": [
      {
        "aggregation": null,
        "attribute": "attr.owner.department",
        "filters": [
          {
            "attribute": "attr.owner.department",
            "displayFormRef": {
              "uri": "owner/attribute/df/uri",
            },
            "isInverted": false,
            "selectedElements": [
              {
                "title": "string",
                "uri": "string",
              },
            ],
            "totalElementsCount": 10,
          },
        ],
        "localIdentifier": "a1",
        "type": "attribute",
      },
    ],
    "localIdentifier": "filters",
  },
  "properties": {},
  "uiConfig": {
    "buckets": {
      "filters": {
        "accepts": [
          "attribute",
          "date",
        ],
        "allowsReordering": false,
        "enabled": true,
        "isShowInPercentEnabled": false,
        "itemsLimit": 20,
        "itemsLimitByType": {
          "date": 1,
        },
      },
      "measures": {
        "accepts": [
          "metric",
          "fact",
          "attribute",
        ],
        "allowsDuplicateItems": true,
        "allowsReordering": true,
        "allowsSwapping": true,
        "canAddItems": true,
        "enabled": true,
        "icon": "local:column/bucket-title-measures.svg",
        "isShowInPercentEnabled": false,
        "isShowInPercentVisible": true,
        "itemsLimit": 40,
        "title": "Measures",
      },
      "stack": {
        "accepts": [
          "attribute",
        ],
        "allowsReordering": false,
        "allowsSwapping": true,
        "canAddItems": false,
        "enabled": true,
        "icon": "local:column/bucket-title-stack.svg",
        "isShowInPercentEnabled": false,
        "itemsLimit": 1,
        "title": "Stack by",
        "warningMessage": "To stack by, an insight can have only one measure",
      },
      "view": {
        "accepts": [
          "attribute",
          "date",
        ],
        "allowsReordering": false,
        "allowsSwapping": true,
        "canAddItems": true,
        "enabled": true,
        "icon": "local:column/bucket-title-view.svg",
        "isShowInPercentEnabled": false,
        "itemsLimit": 1,
        "itemsLimitByType": {
          "date": 1,
        },
        "title": "View by",
      },
    },
    "exportConfig": {
      "supported": true,
    },
    "openAsReport": {
      "supported": true,
    },
    "recommendations": {
      "comparison": false,
      "overTimeComparison": false,
      "percent": false,
      "previousPeriod": false,
      "trending": false,
    },
    "supportedOverTimeComparisonTypes": [],
  },
}
`;

exports[`PluggableBaseChart > should return reference point with one metric and date and attribute 1`] = `
{
  "buckets": [
    {
      "items": [
        {
          "aggregation": null,
          "attribute": "aazb6kroa3iC",
          "localIdentifier": "m1",
          "showInPercent": null,
          "showOnSecondaryAxis": null,
          "type": "metric",
        },
      ],
      "localIdentifier": "measures",
    },
    {
      "items": [
        {
          "aggregation": null,
          "attribute": "attr.datedataset",
          "dateDatasetRef": {
            "identifier": "ds1",
          },
          "localIdentifier": "a1",
          "showInPercent": null,
          "type": "date",
        },
      ],
      "localIdentifier": "view",
    },
    {
      "items": [
        {
          "aggregation": null,
          "attribute": "attr.stage.iswon",
          "dfRef": {
            "uri": "a2/df",
          },
          "localIdentifier": "a2",
          "type": "attribute",
        },
      ],
      "localIdentifier": "stack",
    },
  ],
  "filters": {
    "items": [],
    "localIdentifier": "filters",
  },
  "properties": {},
  "uiConfig": {
    "buckets": {
      "filters": {
        "accepts": [
          "attribute",
          "date",
        ],
        "allowsReordering": false,
        "enabled": true,
        "isShowInPercentEnabled": false,
        "itemsLimit": 20,
        "itemsLimitByType": {
          "date": 1,
        },
      },
      "measures": {
        "accepts": [
          "metric",
          "fact",
          "attribute",
        ],
        "allowsDuplicateItems": true,
        "allowsReordering": true,
        "allowsSwapping": true,
        "canAddItems": false,
        "enabled": true,
        "icon": "local:column/bucket-title-measures.svg",
        "isShowInPercentEnabled": false,
        "isShowInPercentVisible": true,
        "itemsLimit": 40,
        "title": "Measures",
        "warningMessage": "To add additional measure, remove <span class="attr-field-icon" /> from <span class="stack-by">stack by</span>",
      },
      "stack": {
        "accepts": [
          "attribute",
        ],
        "allowsReordering": false,
        "allowsSwapping": true,
        "canAddItems": true,
        "enabled": true,
        "icon": "local:column/bucket-title-stack.svg",
        "isShowInPercentEnabled": false,
        "itemsLimit": 1,
        "title": "Stack by",
      },
      "view": {
        "accepts": [
          "attribute",
          "date",
        ],
        "allowsReordering": false,
        "allowsSwapping": true,
        "canAddItems": true,
        "enabled": true,
        "icon": "local:column/bucket-title-view.svg",
        "isShowInPercentEnabled": false,
        "itemsLimit": 1,
        "itemsLimitByType": {
          "date": 1,
        },
        "title": "View by",
      },
    },
    "exportConfig": {
      "supported": true,
    },
    "openAsReport": {
      "supported": true,
    },
    "recommendations": {
      "comparison": false,
      "overTimeComparison": false,
      "percent": false,
      "previousPeriod": false,
      "trending": false,
    },
    "supportedOverTimeComparisonTypes": [],
  },
}
`;

exports[`PluggableBaseChart > should return reference point with one metric and only one category and stack 1`] = `
{
  "buckets": [
    {
      "items": [
        {
          "aggregation": null,
          "attribute": "aazb6kroa3iC",
          "localIdentifier": "m1",
          "showInPercent": null,
          "showOnSecondaryAxis": null,
          "type": "metric",
        },
      ],
      "localIdentifier": "measures",
    },
    {
      "items": [
        {
          "aggregation": null,
          "attribute": "attr.owner.department",
          "dfRef": {
            "uri": "a1/df",
          },
          "localIdentifier": "a1",
          "type": "attribute",
        },
      ],
      "localIdentifier": "view",
    },
    {
      "items": [
        {
          "aggregation": null,
          "attribute": "attr.stage.iswon",
          "dfRef": {
            "uri": "a2/df",
          },
          "localIdentifier": "a2",
          "type": "attribute",
        },
      ],
      "localIdentifier": "stack",
    },
  ],
  "filters": {
    "items": [
      {
        "aggregation": null,
        "attribute": "attr.owner.department",
        "filters": [
          {
            "attribute": "attr.owner.department",
            "displayFormRef": {
              "uri": "owner/attribute/df/uri",
            },
            "isInverted": false,
            "selectedElements": [
              {
                "title": "string",
                "uri": "string",
              },
            ],
            "totalElementsCount": 10,
          },
        ],
        "localIdentifier": "a1",
        "type": "attribute",
      },
      {
        "aggregation": null,
        "attribute": "attr.stage.iswon",
        "filters": [
          {
            "attribute": "attr.stage.iswon",
            "displayFormRef": {
              "uri": "iswon/attribute/df/uri",
            },
            "isInverted": true,
            "selectedElements": [
              {
                "title": "string",
                "uri": "string",
              },
            ],
            "totalElementsCount": 10,
          },
        ],
        "localIdentifier": "a2",
        "type": "attribute",
      },
    ],
    "localIdentifier": "filters",
  },
  "properties": {},
  "uiConfig": {
    "buckets": {
      "filters": {
        "accepts": [
          "attribute",
          "date",
        ],
        "allowsReordering": false,
        "enabled": true,
        "isShowInPercentEnabled": false,
        "itemsLimit": 20,
        "itemsLimitByType": {
          "date": 1,
        },
      },
      "measures": {
        "accepts": [
          "metric",
          "fact",
          "attribute",
        ],
        "allowsDuplicateItems": true,
        "allowsReordering": true,
        "allowsSwapping": true,
        "canAddItems": false,
        "enabled": true,
        "icon": "local:column/bucket-title-measures.svg",
        "isShowInPercentEnabled": false,
        "isShowInPercentVisible": true,
        "itemsLimit": 40,
        "title": "Measures",
        "warningMessage": "To add additional measure, remove <span class="attr-field-icon" /> from <span class="stack-by">stack by</span>",
      },
      "stack": {
        "accepts": [
          "attribute",
        ],
        "allowsReordering": false,
        "allowsSwapping": true,
        "canAddItems": true,
        "enabled": true,
        "icon": "local:column/bucket-title-stack.svg",
        "isShowInPercentEnabled": false,
        "itemsLimit": 1,
        "title": "Stack by",
      },
      "view": {
        "accepts": [
          "attribute",
          "date",
        ],
        "allowsReordering": false,
        "allowsSwapping": true,
        "canAddItems": true,
        "enabled": true,
        "icon": "local:column/bucket-title-view.svg",
        "isShowInPercentEnabled": false,
        "itemsLimit": 1,
        "itemsLimitByType": {
          "date": 1,
        },
        "title": "View by",
      },
    },
    "exportConfig": {
      "supported": true,
    },
    "openAsReport": {
      "supported": true,
    },
    "recommendations": {
      "comparison": false,
      "overTimeComparison": false,
      "percent": false,
      "previousPeriod": false,
      "trending": false,
    },
    "supportedOverTimeComparisonTypes": [],
  },
}
`;

exports[`PluggableBaseChart > should return reference point with one metric, one category, second category as stack, valid filters 1`] = `
{
  "buckets": [
    {
      "items": [
        {
          "aggregation": null,
          "attribute": "aazb6kroa3iC",
          "localIdentifier": "m1",
          "showInPercent": null,
          "showOnSecondaryAxis": null,
          "type": "metric",
        },
      ],
      "localIdentifier": "measures",
    },
    {
      "items": [
        {
          "aggregation": null,
          "attribute": "attr.owner.department",
          "dfRef": {
            "uri": "a1/df",
          },
          "localIdentifier": "a1",
          "type": "attribute",
        },
      ],
      "localIdentifier": "view",
    },
    {
      "items": [
        {
          "aggregation": null,
          "attribute": "attr.stage.iswon",
          "dfRef": {
            "uri": "a2/df",
          },
          "localIdentifier": "a2",
          "type": "attribute",
        },
      ],
      "localIdentifier": "stack",
    },
  ],
  "filters": {
    "items": [
      {
        "aggregation": null,
        "attribute": "attr.owner.department",
        "filters": [
          {
            "attribute": "attr.owner.department",
            "displayFormRef": {
              "uri": "owner/attribute/df/uri",
            },
            "isInverted": false,
            "selectedElements": [
              {
                "title": "string",
                "uri": "string",
              },
            ],
            "totalElementsCount": 10,
          },
        ],
        "localIdentifier": "a1",
        "type": "attribute",
      },
      {
        "aggregation": null,
        "attribute": "attr.stage.iswon",
        "filters": [
          {
            "attribute": "attr.stage.iswon",
            "displayFormRef": {
              "uri": "iswon/attribute/df/uri",
            },
            "isInverted": true,
            "selectedElements": [
              {
                "title": "string",
                "uri": "string",
              },
            ],
            "totalElementsCount": 10,
          },
        ],
        "localIdentifier": "a2",
        "type": "attribute",
      },
    ],
    "localIdentifier": "filters",
  },
  "properties": {},
  "uiConfig": {
    "buckets": {
      "filters": {
        "accepts": [
          "attribute",
          "date",
        ],
        "allowsReordering": false,
        "enabled": true,
        "isShowInPercentEnabled": false,
        "itemsLimit": 20,
        "itemsLimitByType": {
          "date": 1,
        },
      },
      "measures": {
        "accepts": [
          "metric",
          "fact",
          "attribute",
        ],
        "allowsDuplicateItems": true,
        "allowsReordering": true,
        "allowsSwapping": true,
        "canAddItems": false,
        "enabled": true,
        "icon": "local:column/bucket-title-measures.svg",
        "isShowInPercentEnabled": false,
        "isShowInPercentVisible": true,
        "itemsLimit": 40,
        "title": "Measures",
        "warningMessage": "To add additional measure, remove <span class="attr-field-icon" /> from <span class="stack-by">stack by</span>",
      },
      "stack": {
        "accepts": [
          "attribute",
        ],
        "allowsReordering": false,
        "allowsSwapping": true,
        "canAddItems": true,
        "enabled": true,
        "icon": "local:column/bucket-title-stack.svg",
        "isShowInPercentEnabled": false,
        "itemsLimit": 1,
        "title": "Stack by",
      },
      "view": {
        "accepts": [
          "attribute",
          "date",
        ],
        "allowsReordering": false,
        "allowsSwapping": true,
        "canAddItems": true,
        "enabled": true,
        "icon": "local:column/bucket-title-view.svg",
        "isShowInPercentEnabled": false,
        "itemsLimit": 1,
        "itemsLimitByType": {
          "date": 1,
        },
        "title": "View by",
      },
    },
    "exportConfig": {
      "supported": true,
    },
    "openAsReport": {
      "supported": true,
    },
    "recommendations": {
      "comparison": false,
      "overTimeComparison": false,
      "percent": false,
      "previousPeriod": false,
      "trending": false,
    },
    "supportedOverTimeComparisonTypes": [],
  },
}
`;

exports[`PluggableBaseChart > should return reference point without Date in stacks 1`] = `
{
  "buckets": [
    {
      "items": [
        {
          "aggregation": null,
          "attribute": "aazb6kroa3iC",
          "localIdentifier": "m1",
          "showInPercent": null,
          "showOnSecondaryAxis": null,
          "type": "metric",
        },
      ],
      "localIdentifier": "measures",
    },
    {
      "items": [
        {
          "aggregation": null,
          "attribute": "attr.owner.department",
          "dfRef": {
            "uri": "a1/df",
          },
          "localIdentifier": "a1",
          "type": "attribute",
        },
      ],
      "localIdentifier": "view",
    },
    {
      "items": [
        {
          "aggregation": null,
          "attribute": "attr.stage.iswon",
          "dfRef": {
            "uri": "a2/df",
          },
          "localIdentifier": "a2",
          "type": "attribute",
        },
      ],
      "localIdentifier": "stack",
    },
  ],
  "filters": {
    "items": [],
    "localIdentifier": "filters",
  },
  "properties": {},
  "uiConfig": {
    "buckets": {
      "filters": {
        "accepts": [
          "attribute",
          "date",
        ],
        "allowsReordering": false,
        "enabled": true,
        "isShowInPercentEnabled": false,
        "itemsLimit": 20,
        "itemsLimitByType": {
          "date": 1,
        },
      },
      "measures": {
        "accepts": [
          "metric",
          "fact",
          "attribute",
        ],
        "allowsDuplicateItems": true,
        "allowsReordering": true,
        "allowsSwapping": true,
        "canAddItems": false,
        "enabled": true,
        "icon": "local:column/bucket-title-measures.svg",
        "isShowInPercentEnabled": false,
        "isShowInPercentVisible": true,
        "itemsLimit": 40,
        "title": "Measures",
        "warningMessage": "To add additional measure, remove <span class="attr-field-icon" /> from <span class="stack-by">stack by</span>",
      },
      "stack": {
        "accepts": [
          "attribute",
        ],
        "allowsReordering": false,
        "allowsSwapping": true,
        "canAddItems": true,
        "enabled": true,
        "icon": "local:column/bucket-title-stack.svg",
        "isShowInPercentEnabled": false,
        "itemsLimit": 1,
        "title": "Stack by",
      },
      "view": {
        "accepts": [
          "attribute",
          "date",
        ],
        "allowsReordering": false,
        "allowsSwapping": true,
        "canAddItems": true,
        "enabled": true,
        "icon": "local:column/bucket-title-view.svg",
        "isShowInPercentEnabled": false,
        "itemsLimit": 1,
        "itemsLimitByType": {
          "date": 1,
        },
        "title": "View by",
      },
    },
    "exportConfig": {
      "supported": true,
    },
    "openAsReport": {
      "supported": true,
    },
    "recommendations": {
      "comparison": false,
      "overTimeComparison": false,
      "percent": false,
      "previousPeriod": false,
      "trending": false,
    },
    "supportedOverTimeComparisonTypes": [],
  },
}
`;

exports[`PluggableBaseChart > should use second non-date attribute when switching to chart with [attribute, date, attribute] 1`] = `
{
  "buckets": [
    {
      "items": [
        {
          "aggregation": null,
          "attribute": "aazb6kroa3iC",
          "localIdentifier": "m1",
          "showInPercent": null,
          "showOnSecondaryAxis": null,
          "type": "metric",
        },
      ],
      "localIdentifier": "measures",
    },
    {
      "items": [
        {
          "aggregation": null,
          "attribute": "attr.owner.department",
          "dfRef": {
            "uri": "a1/df",
          },
          "localIdentifier": "a1",
          "type": "attribute",
        },
      ],
      "localIdentifier": "view",
    },
    {
      "items": [
        {
          "aggregation": null,
          "attribute": "attr.stage.iswon",
          "dfRef": {
            "uri": "a2/df",
          },
          "localIdentifier": "a2",
          "type": "attribute",
        },
      ],
      "localIdentifier": "stack",
    },
  ],
  "filters": {
    "items": [],
    "localIdentifier": "filters",
  },
  "properties": {},
  "uiConfig": {
    "buckets": {
      "filters": {
        "accepts": [
          "attribute",
          "date",
        ],
        "allowsReordering": false,
        "enabled": true,
        "isShowInPercentEnabled": false,
        "itemsLimit": 20,
        "itemsLimitByType": {
          "date": 1,
        },
      },
      "measures": {
        "accepts": [
          "metric",
          "fact",
          "attribute",
        ],
        "allowsDuplicateItems": true,
        "allowsReordering": true,
        "allowsSwapping": true,
        "canAddItems": false,
        "enabled": true,
        "icon": "local:column/bucket-title-measures.svg",
        "isShowInPercentEnabled": false,
        "isShowInPercentVisible": true,
        "itemsLimit": 40,
        "title": "Measures",
        "warningMessage": "To add additional measure, remove <span class="attr-field-icon" /> from <span class="stack-by">stack by</span>",
      },
      "stack": {
        "accepts": [
          "attribute",
        ],
        "allowsReordering": false,
        "allowsSwapping": true,
        "canAddItems": true,
        "enabled": true,
        "icon": "local:column/bucket-title-stack.svg",
        "isShowInPercentEnabled": false,
        "itemsLimit": 1,
        "title": "Stack by",
      },
      "view": {
        "accepts": [
          "attribute",
          "date",
        ],
        "allowsReordering": false,
        "allowsSwapping": true,
        "canAddItems": true,
        "enabled": true,
        "icon": "local:column/bucket-title-view.svg",
        "isShowInPercentEnabled": false,
        "itemsLimit": 1,
        "itemsLimitByType": {
          "date": 1,
        },
        "title": "View by",
      },
    },
    "exportConfig": {
      "supported": true,
    },
    "openAsReport": {
      "supported": true,
    },
    "recommendations": {
      "comparison": false,
      "overTimeComparison": false,
      "percent": false,
      "previousPeriod": false,
      "trending": false,
    },
    "supportedOverTimeComparisonTypes": [],
  },
}
`;
