// Vitest Snapshot v1, https://vitest.dev/guide/snapshot.html

exports[`AttributeFilterHandler > loadCustomElements() should trigger onLoadCustomElementsStart() callback > with parameters 1`] = `
[
  {
    "correlation": "start",
  },
]
`;

exports[`AttributeFilterHandler > loadCustomElements() that failed should trigger onLoadCustomElementsError() callback > with parameters 1`] = `
[
  {
    "correlation": "error",
    "error": [Error: Elements error],
  },
]
`;

exports[`AttributeFilterHandler > loadCustomElements() that was canceled by cancelCustomElementsLoad() call should trigger onLoadCustomElementsCancel() callback > with parameters 1`] = `
[
  {
    "correlation": "cancel",
  },
]
`;

exports[`AttributeFilterHandler > loadCustomElements() that was successful should trigger onLoadCustomElementsSuccess() callback > with parameters 1`] = `
[
  {
    "cacheId": undefined,
    "correlation": "success",
    "elements": [
      {
        "title": "CompuSci",
        "uri": "CompuSci",
      },
      {
        "title": "Educationly",
        "uri": "Educationly",
      },
      {
        "title": "Explorer",
        "uri": "Explorer",
      },
      {
        "title": "Grammar Plus",
        "uri": "Grammar Plus",
      },
      {
        "title": "PhoenixSoft",
        "uri": "PhoenixSoft",
      },
      {
        "title": "TouchAll",
        "uri": "TouchAll",
      },
      {
        "title": "WonderKid",
        "uri": "WonderKid",
      },
    ],
    "options": {},
    "totalCount": 7,
  },
]
`;
