// Vitest Snapshot v1, https://vitest.dev/guide/snapshot.html

exports[`export dashboard to PDF handler > should emit events in correct order and carry-over correlationId 1`] = `
[
  {
    "commandType": "GDC.DASH/CMD.EXPORT.PDF",
    "correlationId": "correlation-id",
    "type": "GDC.DASH/EVT.COMMAND.STARTED",
  },
  {
    "correlationId": "correlation-id",
    "type": "GDC.DASH/EVT.EXPORT.PDF.REQUESTED",
  },
  {
    "correlationId": "correlation-id",
    "type": "GDC.DASH/EVT.EXPORT.PDF.RESOLVED",
  },
]
`;
