// Vitest Snapshot v1, https://vitest.dev/guide/snapshot.html

exports[`rename dashboard handler > for any dashboard > should emit correct events 1`] = `
[
  {
    "commandType": "GDC.DASH/CMD.RENAME",
    "correlationId": "testCorrelationId",
    "type": "GDC.DASH/EVT.COMMAND.STARTED",
  },
  {
    "correlationId": "testCorrelationId",
    "type": "GDC.DASH/EVT.RENAMED",
  },
]
`;
