// Vitest Snapshot v1, https://vitest.dev/guide/snapshot.html

exports[`pivotTableAdditionalFactories > factoryNotationForAllMeasureColumnWidthItem > should handle item with grow to fit 1`] = `"newWidthForAllMeasureColumns(123, true)"`;

exports[`pivotTableAdditionalFactories > factoryNotationForAllMeasureColumnWidthItem > should handle item without grow to fit 1`] = `"newWidthForAllMeasureColumns(123)"`;

exports[`pivotTableAdditionalFactories > factoryNotationForAttributeColumnLocator > should handle item with element 1`] = `"newAttributeColumnLocator("some-id", "some-element")"`;

exports[`pivotTableAdditionalFactories > factoryNotationForAttributeColumnLocator > should handle item without element 1`] = `"newAttributeColumnLocator("some-id")"`;

exports[`pivotTableAdditionalFactories > factoryNotationForAttributeColumnWidthItem > should handle item with grow to fit 1`] = `"newWidthForAttributeColumn("some-id", 123, true)"`;

exports[`pivotTableAdditionalFactories > factoryNotationForAttributeColumnWidthItem > should handle item without grow to fit 1`] = `"newWidthForAttributeColumn("some-id", 123)"`;

exports[`pivotTableAdditionalFactories > factoryNotationForMeasureColumnWidthItem > with numeric width value > should handle item with grow to fit 1`] = `"setNewWidthForSelectedColumns(["some-id"], [newAttributeColumnLocator("attr-id")], 123, true)"`;

exports[`pivotTableAdditionalFactories > factoryNotationForMeasureColumnWidthItem > with numeric width value > should handle item with transposed metrics and with grow to fit 1`] = `"setNewWidthForSelectedColumns(["measure-1","measure-2"], [newAttributeColumnLocator("attr-id"), newTotalColumnLocator("attr-id", "max")], 123, true)"`;

exports[`pivotTableAdditionalFactories > factoryNotationForMeasureColumnWidthItem > with numeric width value > should handle item with transposed metrics and without grow to fit 1`] = `"setNewWidthForSelectedColumns(["measure-1","measure-2","measure-3"], [newAttributeColumnLocator("attr-id"), newTotalColumnLocator("attr-id", "max")], 123, true)"`;

exports[`pivotTableAdditionalFactories > factoryNotationForMeasureColumnWidthItem > with numeric width value > should handle item without grow to fit 1`] = `"setNewWidthForSelectedColumns(["some-id"], [newAttributeColumnLocator("attr-id")], 123)"`;

exports[`pivotTableAdditionalFactories > factoryNotationForMeasureColumnWidthItem > with string width value > should handle item with grow to fit 1`] = `"setNewWidthForSelectedColumns(["some-id"], [newAttributeColumnLocator("attr-id")], "auto")"`;

exports[`pivotTableAdditionalFactories > factoryNotationForMeasureColumnWidthItem > with string width value > should handle item with transposed metrics and with grow to fit 1`] = `"setNewWidthForSelectedColumns(["measure-1","measure-2"], [newAttributeColumnLocator("attr-id"), newTotalColumnLocator("attr-id", "max")], "auto")"`;

exports[`pivotTableAdditionalFactories > factoryNotationForMeasureColumnWidthItem > with string width value > should handle item with transposed metrics and without grow to fit 1`] = `"setNewWidthForSelectedColumns(["measure-1","measure-2","measure-3"], [newAttributeColumnLocator("attr-id"), newTotalColumnLocator("attr-id", "max")], "auto")"`;

exports[`pivotTableAdditionalFactories > factoryNotationForMeasureColumnWidthItem > with string width value > should handle item without grow to fit 1`] = `"setNewWidthForSelectedColumns(["some-id"], [newAttributeColumnLocator("attr-id")], "auto")"`;

exports[`pivotTableAdditionalFactories > factoryNotationForWeakMeasureColumnWidthItem > should handle item with grow to fit 1`] = `"newWidthForAllColumnsForMeasure("some-id", 123, true)"`;

exports[`pivotTableAdditionalFactories > factoryNotationForWeakMeasureColumnWidthItem > should handle item without grow to fit 1`] = `"newWidthForAllColumnsForMeasure("some-id", 123)"`;
